Archive member included because of file (symbol)

/Applications/CrossWorks for ARM 3.0/lib/libdebugio_v7m_t_le_eabi.a(libdebugio_asm.o)
                              Blinky THUMB Debug/main.o (debug_printf)
/Applications/CrossWorks for ARM 3.0/lib/libdebugio_mempoll_v7m_t_le_eabi.a(mempoll_debug_operations.o)
                              /Applications/CrossWorks for ARM 3.0/lib/libdebugio_v7m_t_le_eabi.a(libdebugio_asm.o) (__do_debug_operation)
/Applications/CrossWorks for ARM 3.0/lib/libc_user_libc_v7m_t_le_eabi.a(user_libc.o)
                              /Applications/CrossWorks for ARM 3.0/lib/libdebugio_mempoll_v7m_t_le_eabi.a(mempoll_debug_operations.o) (__debug_io_lock)

Discarded input sections

 .group         0x00000000        0x8 Blinky THUMB Debug/main.o
 .group         0x00000000        0x8 Blinky THUMB Debug/main.o
 .group         0x00000000        0x8 Blinky THUMB Debug/main.o
 .group         0x00000000        0x8 Blinky THUMB Debug/main.o
 .group         0x00000000        0x8 Blinky THUMB Debug/main.o
 .group         0x00000000        0x8 Blinky THUMB Debug/main.o
 .group         0x00000000        0x8 Blinky THUMB Debug/main.o
 .group         0x00000000        0x8 Blinky THUMB Debug/main.o
 .group         0x00000000        0x8 Blinky THUMB Debug/main.o
 .group         0x00000000        0x8 Blinky THUMB Debug/main.o
 .group         0x00000000        0x8 Blinky THUMB Debug/main.o
 .group         0x00000000        0x8 Blinky THUMB Debug/main.o
 .group         0x00000000        0x8 Blinky THUMB Debug/main.o
 .group         0x00000000        0x8 Blinky THUMB Debug/main.o
 .group         0x00000000        0x8 Blinky THUMB Debug/main.o
 .group         0x00000000        0x8 Blinky THUMB Debug/main.o
 .group         0x00000000        0x8 Blinky THUMB Debug/main.o
 .group         0x00000000        0x8 Blinky THUMB Debug/main.o
 .group         0x00000000        0x8 Blinky THUMB Debug/main.o
 .group         0x00000000        0x8 Blinky THUMB Debug/main.o
 .group         0x00000000        0x8 Blinky THUMB Debug/main.o
 .group         0x00000000        0x8 Blinky THUMB Debug/main.o
 .group         0x00000000        0x8 Blinky THUMB Debug/main.o
 .group         0x00000000        0x8 Blinky THUMB Debug/main.o
 .group         0x00000000        0x8 Blinky THUMB Debug/main.o
 .group         0x00000000        0x8 Blinky THUMB Debug/main.o
 .group         0x00000000        0x8 Blinky THUMB Debug/main.o
 .group         0x00000000        0x8 Blinky THUMB Debug/main.o
 .group         0x00000000        0x8 Blinky THUMB Debug/main.o
 .group         0x00000000        0x8 Blinky THUMB Debug/main.o
 .group         0x00000000        0x8 Blinky THUMB Debug/main.o
 .group         0x00000000        0x8 Blinky THUMB Debug/main.o
 .group         0x00000000        0x8 Blinky THUMB Debug/main.o
 .group         0x00000000        0x8 Blinky THUMB Debug/main.o
 .group         0x00000000        0x8 Blinky THUMB Debug/main.o
 .text          0x00000000        0x0 Blinky THUMB Debug/main.o
 .data          0x00000000        0x0 Blinky THUMB Debug/main.o
 .bss           0x00000000        0x0 Blinky THUMB Debug/main.o
 .group         0x00000000        0x8 Blinky THUMB Debug/misc.o
 .group         0x00000000        0x8 Blinky THUMB Debug/misc.o
 .group         0x00000000        0x8 Blinky THUMB Debug/misc.o
 .group         0x00000000        0x8 Blinky THUMB Debug/misc.o
 .group         0x00000000        0x8 Blinky THUMB Debug/misc.o
 .group         0x00000000        0x8 Blinky THUMB Debug/misc.o
 .group         0x00000000        0x8 Blinky THUMB Debug/misc.o
 .group         0x00000000        0x8 Blinky THUMB Debug/misc.o
 .group         0x00000000        0x8 Blinky THUMB Debug/misc.o
 .group         0x00000000        0x8 Blinky THUMB Debug/misc.o
 .group         0x00000000        0x8 Blinky THUMB Debug/misc.o
 .group         0x00000000        0x8 Blinky THUMB Debug/misc.o
 .group         0x00000000        0x8 Blinky THUMB Debug/misc.o
 .group         0x00000000        0x8 Blinky THUMB Debug/misc.o
 .group         0x00000000        0x8 Blinky THUMB Debug/misc.o
 .group         0x00000000        0x8 Blinky THUMB Debug/misc.o
 .group         0x00000000        0x8 Blinky THUMB Debug/misc.o
 .group         0x00000000        0x8 Blinky THUMB Debug/misc.o
 .group         0x00000000        0x8 Blinky THUMB Debug/misc.o
 .group         0x00000000        0x8 Blinky THUMB Debug/misc.o
 .group         0x00000000        0x8 Blinky THUMB Debug/misc.o
 .group         0x00000000        0x8 Blinky THUMB Debug/misc.o
 .group         0x00000000        0x8 Blinky THUMB Debug/misc.o
 .group         0x00000000        0x8 Blinky THUMB Debug/misc.o
 .group         0x00000000        0x8 Blinky THUMB Debug/misc.o
 .group         0x00000000        0x8 Blinky THUMB Debug/misc.o
 .group         0x00000000        0x8 Blinky THUMB Debug/misc.o
 .group         0x00000000        0x8 Blinky THUMB Debug/misc.o
[...]
Memory Configuration

Name             Origin             Length             Attributes
UNPLACED_SECTIONS 0xffffffff         0x00000000         xw
EEPROM           0x08080000         0x00001000         xr
FLASH            0x08000000         0x00008000         xr
SYSTEM           0x1fff0000         0x00002000         xw
OPTION           0x1ffff800         0x00000020         xw
RAM              0x20000000         0x00002800         xw
APB1             0x40000000         0x00008000         xw
APB2             0x40010000         0x00004000         xw
AHB              0x40020000         0x00006800         xw
PPB              0xe0000000         0x00100000         xw
CM3_System_Control_Space 0xe000e000         0x00001000         xw
*default*        0x00000000         0xffffffff

Linker script and memory map

                0x08080000                __EEPROM_segment_start__ = 0x8080000
                0x08081000                __EEPROM_segment_end__ = 0x8081000
                0x08000000                __FLASH_segment_start__ = 0x8000000
                0x08008000                __FLASH_segment_end__ = 0x8008000
                0x1fff0000                __SYSTEM_segment_start__ = 0x1fff0000
                0x1fff2000                __SYSTEM_segment_end__ = 0x1fff2000
                0x1ffff800                __OPTION_segment_start__ = 0x1ffff800
                0x1ffff820                __OPTION_segment_end__ = 0x1ffff820
                0x20000000                __RAM_segment_start__ = 0x20000000
                0x20002800                __RAM_segment_end__ = 0x20002800
                0x40000000                __APB1_segment_start__ = 0x40000000
                0x40008000                __APB1_segment_end__ = 0x40008000
                0x40010000                __APB2_segment_start__ = 0x40010000
                0x40014000                __APB2_segment_end__ = 0x40014000
                0x40020000                __AHB_segment_start__ = 0x40020000
                0x40026800                __AHB_segment_end__ = 0x40026800
                0xe0000000                __PPB_segment_start__ = 0xe0000000
                0xe0100000                __PPB_segment_end__ = 0xe0100000
                0xe000e000                __CM3_System_Control_Space_segment_start__ = 0xe000e000
                0xe000f000                __CM3_System_Control_Space_segment_end__ = 0xe000f000
                0x00000400                __STACKSIZE__ = 0x400
                0x00000000                __STACKSIZE_PROCESS__ = 0x0
                0x00000000                __STACKSIZE_IRQ__ = 0x0
                0x00000000                __STACKSIZE_FIQ__ = 0x0
                0x00000000                __STACKSIZE_SVC__ = 0x0
                0x00000000                __STACKSIZE_ABT__ = 0x0
                0x00000000                __STACKSIZE_UND__ = 0x0
                0x00000400                __HEAPSIZE__ = 0x400
                0x08080000                __eeprom_load_start__ = ALIGN (__EEPROM_segment_start__, 0x4)

.eeprom         0x08080000        0x0
                0x08080000                __eeprom_start__ = .
 *(.eeprom .eeprom.*)
                0x08080000                __eeprom_end__ = (__eeprom_start__ + SIZEOF (.eeprom))
                0x08080000                __eeprom_load_end__ = __eeprom_end__
                0x08080000                __EEPROM_segment_used_end__ = (ALIGN (__EEPROM_segment_start__, 0x4) + SIZEOF (.eeprom))
                0x00000001                . = ASSERT (((__eeprom_end__ >= __EEPROM_segment_start__) && (__eeprom_end__ <= __EEPROM_segment_end__)), error: .eeprom is too large to fit in EEPROM memory segment)
                0x20000000                __vectors_ram_load_start__ = ALIGN (__RAM_segment_start__, 0x100)

.vectors_ram    0x20000000        0x0
                0x20000000                __vectors_ram_start__ = .
 *(.vectors_ram .vectors_ram.*)
                0x20000000                __vectors_ram_end__ = (__vectors_ram_start__ + SIZEOF (.vectors_ram))
                0x20000000                __vectors_ram_load_end__ = __vectors_ram_end__
                0x00000001                . = ASSERT (((__vectors_ram_end__ >= __RAM_segment_start__) && (__vectors_ram_end__ <= __RAM_segment_end__)), error: .vectors_ram is too large to fit in RAM memory segment)
                0x08000000                __vectors_load_start__ = ALIGN (__FLASH_segment_start__, 0x100)

.vectors        0x08000000       0xf4
                0x08000000                __vectors_start__ = .
 *(.vectors .vectors.*)
 .vectors       0x08000000       0xf4 Blinky THUMB Debug/STM32_Startup.o
                0x08000000                _vectors
                0x080000f4                __vectors_end__ = (__vectors_start__ + SIZEOF (.vectors))
                0x080000f4                __vectors_load_end__ = __vectors_end__
                0x00000001                . = ASSERT (((__vectors_end__ >= __FLASH_segment_start__) && (__vectors_end__ <= __FLASH_segment_end__)), error: .vectors is too large to fit in FLASH memory segment)
                0x080000f4                __init_load_start__ = ALIGN (__vectors_end__, 0x4)

.init           0x080000f4      0x1e4
                0x080000f4                __init_start__ = .
 *(.init .init.*)
 .init          0x080000f4      0x154 Blinky THUMB Debug/thumb_crt0.o
                0x080000f4                _start
                0x080001a0                exit
                0x080001c4                __putchar
                0x080001c4                __getchar
 .init          0x08000248       0x90 Blinky THUMB Debug/STM32_Startup.o
                0x0800025a                WWDG_IRQHandler
                0x0800025c                PVD_IRQHandler
                0x0800025e                TAMPER_STAMP_IRQHandler
                0x08000260                RTC_WKUP_IRQHandler
                0x08000262                FLASH_IRQHandler
                0x08000264                RCC_IRQHandler
                0x08000266                EXTI0_IRQHandler
                0x08000268                EXTI1_IRQHandler
                0x0800026a                EXTI2_IRQHandler
                0x0800026c                EXTI3_IRQHandler
                0x0800026e                EXTI4_IRQHandler
                0x08000270                DMA1_Channel1_IRQHandler
                0x08000272                DMA1_Channel2_IRQHandler
                0x08000274                DMA1_Channel3_IRQHandler
                0x08000276                DMA1_Channel4_IRQHandler
                0x08000278                DMA1_Channel5_IRQHandler
                0x0800027a                DMA1_Channel6_IRQHandler
                0x0800027c                DMA1_Channel7_IRQHandler
                0x0800027e                ADC1_IRQHandler
                0x08000280                USB_HP_IRQHandler
                0x08000282                USB_LP_IRQHandler
                0x08000284                DAC_IRQHandler
                0x08000286                COMP_IRQHandler
                0x08000288                EXTI9_5_IRQHandler
                0x0800028a                LCD_IRQHandler
                0x0800028c                TIM9_IRQHandler
                0x0800028e                TIM10_IRQHandler
                0x08000290                TIM11_IRQHandler
                0x08000292                TIM2_IRQHandler
                0x08000294                TIM3_IRQHandler
                0x08000296                TIM4_IRQHandler
                0x08000298                I2C1_EV_IRQHandler
                0x0800029a                I2C1_ER_IRQHandler
                0x0800029c                I2C2_EV_IRQHandler
                0x0800029e                I2C2_ER_IRQHandler
                0x080002a0                SPI1_IRQHandler
                0x080002a2                SPI2_IRQHandler
                0x080002a4                USART1_IRQHandler
                0x080002a6                USART2_IRQHandler
                0x080002a8                USART3_IRQHandler
                0x080002aa                EXTI15_10_IRQHandler
                0x080002ac                RTC_Alarm_IRQHandler
                0x080002ae                USB_FS_WKUP_IRQHandler
                0x080002b0                TIM6_IRQHandler
                0x080002b2                TIM7_IRQHandler
                0x080002b4                reset_handler
                0x080002d8                __init_end__ = (__init_start__ + SIZEOF (.init))
                0x080002d8                __init_load_end__ = __init_end__
                0x00000001                . = ASSERT (((__init_end__ >= __FLASH_segment_start__) && (__init_end__ <= __FLASH_segment_end__)), error: .init is too large to fit in FLASH memory segment)
                0x080002d8                __text_load_start__ = ALIGN (__init_end__, 0x4)

.text           0x080002d8      0x798
                0x080002d8                __text_start__ = .
 *(.text .text.* .glue_7t .glue_7 .gnu.linkonce.t.* .gcc_except_table .ARM.extab* .gnu.linkonce.armextab.*)
 .glue_7        0x00000000        0x0 linker stubs
 .glue_7t       0x00000000        0x0 linker stubs
 .text.NVIC_SetPriority
                0x080002d8       0x54 Blinky THUMB Debug/main.o
 .text.SysTick_Config
                0x0800032c       0x44 Blinky THUMB Debug/main.o
 .text.main     0x08000370       0xb8 Blinky THUMB Debug/main.o
                0x08000370                main
 .text.TimingDelay_Decrement
                0x08000428       0x24 Blinky THUMB Debug/main.o
                0x08000428                TimingDelay_Decrement
 .text.Delay    0x0800044c       0x28 Blinky THUMB Debug/main.o
                0x0800044c                Delay
 .text.assert_failed
                0x08000474        0xc Blinky THUMB Debug/main.o
                0x08000474                assert_failed
 .text.GPIO_Init
                0x08000480      0x22c Blinky THUMB Debug/stm32l1xx_gpio.o
                0x08000480                GPIO_Init
 .text.GPIO_WriteBit
                0x080006ac      0x128 Blinky THUMB Debug/stm32l1xx_gpio.o
                0x080006ac                GPIO_WriteBit
 .text.RCC_AHBPeriphClockCmd
                0x080007d4       0x70 Blinky THUMB Debug/stm32l1xx_rcc.o
                0x080007d4                RCC_AHBPeriphClockCmd
 .text.SystemInit
                0x08000844       0x64 Blinky THUMB Debug/system_stm32l1xx.o
                0x08000844                SystemInit
 .text.SetSysClock
                0x080008a8      0x120 Blinky THUMB Debug/system_stm32l1xx.o
 .text.NMI_Handler
                0x080009c8        0xc Blinky THUMB Debug/stm32l1xx_it.o
                0x080009c8                NMI_Handler
 .text.HardFault_Handler
                0x080009d4        0x8 Blinky THUMB Debug/stm32l1xx_it.o
                0x080009d4                HardFault_Handler
 .text.MemManage_Handler
                0x080009dc        0x8 Blinky THUMB Debug/stm32l1xx_it.o
                0x080009dc                MemManage_Handler
 .text.BusFault_Handler
                0x080009e4        0x8 Blinky THUMB Debug/stm32l1xx_it.o
                0x080009e4                BusFault_Handler
 .text.UsageFault_Handler
                0x080009ec        0x8 Blinky THUMB Debug/stm32l1xx_it.o
                0x080009ec                UsageFault_Handler
 .text.SVC_Handler
                0x080009f4        0xc Blinky THUMB Debug/stm32l1xx_it.o
                0x080009f4                SVC_Handler
 .text.DebugMon_Handler
                0x08000a00        0xc Blinky THUMB Debug/stm32l1xx_it.o
                0x08000a00                DebugMon_Handler
 .text.PendSV_Handler
                0x08000a0c        0xc Blinky THUMB Debug/stm32l1xx_it.o
                0x08000a0c                PendSV_Handler
 .text.SysTick_Handler
                0x08000a18        0xc Blinky THUMB Debug/stm32l1xx_it.o
                0x08000a18                SysTick_Handler
 .text.libc.debug_printf
                0x08000a24       0x14 /Applications/CrossWorks for ARM 3.0/lib/libdebugio_v7m_t_le_eabi.a(libdebugio_asm.o)
                0x08000a24                debug_printf
 .text.libdebugio.__do_debug_operation
                0x08000a38       0x30 /Applications/CrossWorks for ARM 3.0/lib/libdebugio_mempoll_v7m_t_le_eabi.a(mempoll_debug_operations.o)
                0x08000a38                __do_debug_operation
 .text.libc.__debug_io_lock
                0x08000a68        0x4 /Applications/CrossWorks for ARM 3.0/lib/libc_user_libc_v7m_t_le_eabi.a(user_libc.o)
                0x08000a68                __debug_io_lock
 .text.libc.__debug_io_unlock
                0x08000a6c        0x4 /Applications/CrossWorks for ARM 3.0/lib/libc_user_libc_v7m_t_le_eabi.a(user_libc.o)
                0x08000a6c                __debug_io_unlock
                0x08000a70                __text_end__ = (__text_start__ + SIZEOF (.text))
                0x08000a70                __text_load_end__ = __text_end__

.vfp11_veneer   0x00000000        0x0
 .vfp11_veneer  0x00000000        0x0 linker stubs

.v4_bx          0x00000000        0x0
 .v4_bx         0x00000000        0x0 linker stubs

.iplt           0x00000000        0x0
 .iplt          0x00000000        0x0 Blinky THUMB Debug/main.o
                0x00000001                . = ASSERT (((__text_end__ >= __FLASH_segment_start__) && (__text_end__ <= __FLASH_segment_end__)), error: .text is too large to fit in FLASH memory segment)
                0x08000a70                __dtors_load_start__ = ALIGN (__text_end__, 0x4)

.dtors          0x08000a70        0x0
                0x08000a70                __dtors_start__ = .
 *(SORT(.dtors.*))
 *(.dtors)
 *(.fini_array .fini_array.*)
                0x08000a70                __dtors_end__ = (__dtors_start__ + SIZEOF (.dtors))
                0x08000a70                __dtors_load_end__ = __dtors_end__
                0x00000001                . = ASSERT (((__dtors_end__ >= __FLASH_segment_start__) && (__dtors_end__ <= __FLASH_segment_end__)), error: .dtors is too large to fit in FLASH memory segment)
                0x08000a70                __ctors_load_start__ = ALIGN (__dtors_end__, 0x4)

.ctors          0x08000a70        0x0
                0x08000a70                __ctors_start__ = .
 *(SORT(.ctors.*))
 *(.ctors)
 *(.init_array .init_array.*)
                0x08000a70                __ctors_end__ = (__ctors_start__ + SIZEOF (.ctors))
                0x08000a70                __ctors_load_end__ = __ctors_end__
                0x00000001                . = ASSERT (((__ctors_end__ >= __FLASH_segment_start__) && (__ctors_end__ <= __FLASH_segment_end__)), error: .ctors is too large to fit in FLASH memory segment)
                0x08000a70                __rodata_load_start__ = ALIGN (__ctors_end__, 0x4)

.rodata         0x08000a70      0x154
                0x08000a70                __rodata_start__ = .
 *(.rodata .rodata.* .gnu.linkonce.r.*)
 .rodata        0x08000a70       0x40 Blinky THUMB Debug/main.o
 .rodata        0x08000ab0       0x8c Blinky THUMB Debug/stm32l1xx_gpio.o
 .rodata        0x08000b3c       0x88 Blinky THUMB Debug/stm32l1xx_rcc.o
                0x08000bc4                __rodata_end__ = (__rodata_start__ + SIZEOF (.rodata))
                0x08000bc4                __rodata_load_end__ = __rodata_end__

.rel.dyn        0x08080000        0x0
 .rel.iplt      0x00000000        0x0 Blinky THUMB Debug/main.o
                0x00000001                . = ASSERT (((__rodata_end__ >= __FLASH_segment_start__) && (__rodata_end__ <= __FLASH_segment_end__)), error: .rodata is too large to fit in FLASH memory segment)
                0x08000bc4                __ARM.exidx_load_start__ = ALIGN (__rodata_end__, 0x4)

.ARM.exidx      0x08000bc4        0x0
                0x08000bc4                __ARM.exidx_start__ = .
                0x08000bc4                __exidx_start = __ARM.exidx_start__
 *(.ARM.exidx .ARM.exidx.*)
                0x08000bc4                __ARM.exidx_end__ = (__ARM.exidx_start__ + SIZEOF (.ARM.exidx))
                0x08000bc4                __exidx_end = __ARM.exidx_end__
                0x08000bc4                __ARM.exidx_load_end__ = __ARM.exidx_end__
                0x00000001                . = ASSERT (((__ARM.exidx_end__ >= __FLASH_segment_start__) && (__ARM.exidx_end__ <= __FLASH_segment_end__)), error: .ARM.exidx is too large to fit in FLASH memory segment)
                0x08000bc4                __fast_load_start__ = ALIGN (__ARM.exidx_end__, 0x4)

.fast           0x20000000        0x0 load address 0x08000bc4
                0x20000000                __fast_start__ = .
 *(.fast .fast.*)
                0x20000000                __fast_end__ = (__fast_start__ + SIZEOF (.fast))
                0x08000bc4                __fast_load_end__ = (__fast_load_start__ + SIZEOF (.fast))
                0x00000001                . = ASSERT (((__fast_load_end__ >= __FLASH_segment_start__) && (__fast_load_end__ <= __FLASH_segment_end__)), error: .fast is too large to fit in FLASH memory segment)

.fast_run       0x20000000        0x0
                0x20000000                __fast_run_start__ = .
                0x20000000                . = MAX ((__fast_run_start__ + SIZEOF (.fast)), .)
                0x20000000                __fast_run_end__ = (__fast_run_start__ + SIZEOF (.fast_run))
                0x20000000                __fast_run_load_end__ = __fast_run_end__
                0x00000001                . = ASSERT (((__fast_run_end__ >= __RAM_segment_start__) && (__fast_run_end__ <= __RAM_segment_end__)), error: .fast_run is too large to fit in RAM memory segment)
                0x08000bc4                __data_load_start__ = ALIGN ((__fast_load_start__ + SIZEOF (.fast)), 0x4)

.data           0x20000000        0x4 load address 0x08000bc4
                0x20000000                __data_start__ = .
 *(.data .data.* .gnu.linkonce.d.*)
 .data.SystemCoreClock
                0x20000000        0x4 Blinky THUMB Debug/system_stm32l1xx.o
                0x20000000                SystemCoreClock
                0x20000004                __data_end__ = (__data_start__ + SIZEOF (.data))
                0x08000bc8                __data_load_end__ = (__data_load_start__ + SIZEOF (.data))

.igot.plt       0x00000000        0x0
 .igot.plt      0x00000000        0x0 Blinky THUMB Debug/main.o
                0x00000001                . = ASSERT (((__data_load_end__ >= __FLASH_segment_start__) && (__data_load_end__ <= __FLASH_segment_end__)), error: .data is too large to fit in FLASH memory segment)

.data_run       0x20000000        0x4 load address 0x08000bc4
                0x20000000                __data_run_start__ = .
                0x20000004                . = MAX ((__data_run_start__ + SIZEOF (.data)), .)
 *fill*         0x20000000        0x4 
                0x20000004                __data_run_end__ = (__data_run_start__ + SIZEOF (.data_run))
                0x20000004                __data_run_load_end__ = __data_run_end__
                0x00000001                . = ASSERT (((__data_run_end__ >= __RAM_segment_start__) && (__data_run_end__ <= __RAM_segment_end__)), error: .data_run is too large to fit in RAM memory segment)
                0x20000004                __bss_load_start__ = ALIGN (__data_run_end__, 0x4)

.bss            0x20000004        0xc
                0x20000004                __bss_start__ = .
 *(.bss .bss.* .gnu.linkonce.b.*)
 .bss.TimingDelay
                0x20000004        0x4 Blinky THUMB Debug/main.o
 .bss.libdebugio.dbgCommWord
                0x20000008        0x4 /Applications/CrossWorks for ARM 3.0/lib/libdebugio_mempoll_v7m_t_le_eabi.a(mempoll_debug_operations.o)
                0x20000008                dbgCommWord
 .bss.libdebugio.dbgCntrlWord_mempoll
                0x2000000c        0x4 /Applications/CrossWorks for ARM 3.0/lib/libdebugio_mempoll_v7m_t_le_eabi.a(mempoll_debug_operations.o)
                0x2000000c                dbgCntrlWord_mempoll
 *(COMMON)
                0x20000010                __bss_end__ = (__bss_start__ + SIZEOF (.bss))
                0x20000010                __bss_load_end__ = __bss_end__
                0x00000001                . = ASSERT (((__bss_end__ >= __RAM_segment_start__) && (__bss_end__ <= __RAM_segment_end__)), error: .bss is too large to fit in RAM memory segment)
                0x20000010                __non_init_load_start__ = ALIGN (__bss_end__, 0x4)

.non_init       0x20000010        0x0
                0x20000010                __non_init_start__ = .
 *(.non_init .non_init.*)
                0x20000010                __non_init_end__ = (__non_init_start__ + SIZEOF (.non_init))
                0x20000010                __non_init_load_end__ = __non_init_end__
                0x00000001                . = ASSERT (((__non_init_end__ >= __RAM_segment_start__) && (__non_init_end__ <= __RAM_segment_end__)), error: .non_init is too large to fit in RAM memory segment)
                0x20000010                __heap_load_start__ = ALIGN (__non_init_end__, 0x4)

.heap           0x20000010      0x400
                0x20000010                __heap_start__ = .
 *(.heap .heap.*)
                0x20000410                . = ALIGN (MAX ((__heap_start__ + __HEAPSIZE__), .), 0x4)
 *fill*         0x20000010      0x400 
                0x20000410                __heap_end__ = (__heap_start__ + SIZEOF (.heap))
                0x20000410                __heap_load_end__ = __heap_end__
                0x00000001                . = ASSERT (((__heap_end__ >= __RAM_segment_start__) && (__heap_end__ <= __RAM_segment_end__)), error: .heap is too large to fit in RAM memory segment)
                0x20000410                __stack_load_start__ = ALIGN (__heap_end__, 0x8)

.stack          0x20000410      0x400
                0x20000410                __stack_start__ = .
 *(.stack .stack.*)
                0x20000810                . = ALIGN (MAX ((__stack_start__ + __STACKSIZE__), .), 0x8)
 *fill*         0x20000410      0x400 
                0x20000810                __stack_end__ = (__stack_start__ + SIZEOF (.stack))
                0x20000810                __stack_load_end__ = __stack_end__
                0x00000001                . = ASSERT (((__stack_end__ >= __RAM_segment_start__) && (__stack_end__ <= __RAM_segment_end__)), error: .stack is too large to fit in RAM memory segment)
                0x20000810                __stack_process_load_start__ = ALIGN (__stack_end__, 0x8)

.stack_process  0x20000810        0x0
                0x20000810                __stack_process_start__ = .
 *(.stack_process .stack_process.*)
                0x20000810                . = ALIGN (MAX ((__stack_process_start__ + __STACKSIZE_PROCESS__), .), 0x8)
                0x20000810                __stack_process_end__ = (__stack_process_start__ + SIZEOF (.stack_process))
                0x20000810                __stack_process_load_end__ = __stack_process_end__
                0x00000001                . = ASSERT (((__stack_process_end__ >= __RAM_segment_start__) && (__stack_process_end__ <= __RAM_segment_end__)), error: .stack_process is too large to fit in RAM memory segment)
                0x20000810                __tbss_load_start__ = ALIGN (__stack_process_end__, 0x4)

.tbss           0x20000810        0x0
                0x20000810                __tbss_start__ = .
 *(.tbss .tbss.*)
                0x20000810                __tbss_end__ = (__tbss_start__ + SIZEOF (.tbss))
                0x20000810                __tbss_load_end__ = __tbss_end__
                0x00000001                . = ASSERT (((__tbss_end__ >= __RAM_segment_start__) && (__tbss_end__ <= __RAM_segment_end__)), error: .tbss is too large to fit in RAM memory segment)
                0x08000bc8                __tdata_load_start__ = ALIGN ((__data_load_start__ + SIZEOF (.data)), 0x4)

.tdata          0x20000810        0x0 load address 0x08000bc8
                0x20000810                __tdata_start__ = .
 *(.tdata .tdata.*)
                0x20000810                __tdata_end__ = (__tdata_start__ + SIZEOF (.tdata))
                0x08000bc8                __tdata_load_end__ = (__tdata_load_start__ + SIZEOF (.tdata))
                0x08000bc8                __FLASH_segment_used_end__ = (ALIGN ((__data_load_start__ + SIZEOF (.data)), 0x4) + SIZEOF (.tdata))
                0x00000001                . = ASSERT (((__tdata_load_end__ >= __FLASH_segment_start__) && (__tdata_load_end__ <= __FLASH_segment_end__)), error: .tdata is too large to fit in FLASH memory segment)

.tdata_run      0x20000810        0x0
                0x20000810                __tdata_run_start__ = .
                0x20000810                . = MAX ((__tdata_run_start__ + SIZEOF (.tdata)), .)
                0x20000810                __tdata_run_end__ = (__tdata_run_start__ + SIZEOF (.tdata_run))
                0x20000810                __tdata_run_load_end__ = __tdata_run_end__
                0x20000810                __RAM_segment_used_end__ = (ALIGN (__tbss_end__, 0x4) + SIZEOF (.tdata_run))
                0x00000001                . = ASSERT (((__tdata_run_end__ >= __RAM_segment_start__) && (__tdata_run_end__ <= __RAM_segment_end__)), error: .tdata_run is too large to fit in RAM memory segment)
START GROUP
LOAD Blinky THUMB Debug/main.o
LOAD Blinky THUMB Debug/misc.o
LOAD Blinky THUMB Debug/stm32l1xx_adc.o
LOAD Blinky THUMB Debug/stm32l1xx_aes.o
LOAD Blinky THUMB Debug/stm32l1xx_aes_util.o
LOAD Blinky THUMB Debug/stm32l1xx_comp.o
LOAD Blinky THUMB Debug/stm32l1xx_crc.o
LOAD Blinky THUMB Debug/stm32l1xx_dac.o
LOAD Blinky THUMB Debug/stm32l1xx_dbgmcu.o
LOAD Blinky THUMB Debug/stm32l1xx_dma.o
LOAD Blinky THUMB Debug/stm32l1xx_exti.o
LOAD Blinky THUMB Debug/stm32l1xx_flash.o
LOAD Blinky THUMB Debug/stm32l1xx_flash_ramfunc.o
LOAD Blinky THUMB Debug/stm32l1xx_fsmc.o
LOAD Blinky THUMB Debug/stm32l1xx_gpio.o
LOAD Blinky THUMB Debug/stm32l1xx_i2c.o
LOAD Blinky THUMB Debug/stm32l1xx_iwdg.o
LOAD Blinky THUMB Debug/stm32l1xx_lcd.o
LOAD Blinky THUMB Debug/stm32l1xx_opamp.o
LOAD Blinky THUMB Debug/stm32l1xx_pwr.o
LOAD Blinky THUMB Debug/stm32l1xx_rcc.o
LOAD Blinky THUMB Debug/stm32l1xx_rtc.o
LOAD Blinky THUMB Debug/stm32l1xx_sdio.o
LOAD Blinky THUMB Debug/stm32l1xx_spi.o
LOAD Blinky THUMB Debug/stm32l1xx_syscfg.o
LOAD Blinky THUMB Debug/stm32l1xx_tim.o
LOAD Blinky THUMB Debug/stm32l1xx_usart.o
LOAD Blinky THUMB Debug/stm32l1xx_wwdg.o
LOAD Blinky THUMB Debug/system_stm32l1xx.o
LOAD Blinky THUMB Debug/stm32l1xx_it.o
LOAD Blinky THUMB Debug/thumb_crt0.o
LOAD Blinky THUMB Debug/STM32_Startup.o
LOAD /Applications/CrossWorks for ARM 3.0/lib/libcm_v7m_t_le_eabi.a
LOAD /Applications/CrossWorks for ARM 3.0/lib/libdebugio_mempoll_v7m_t_le_eabi.a
LOAD /Applications/CrossWorks for ARM 3.0/lib/libm_v7m_t_le_eabi.a
LOAD /Applications/CrossWorks for ARM 3.0/lib/libc_v7m_t_le_eabi.a
LOAD /Applications/CrossWorks for ARM 3.0/lib/libcpp_v7m_t_le_eabi.a
LOAD /Applications/CrossWorks for ARM 3.0/lib/libdebugio_v7m_t_le_eabi.a
LOAD /Applications/CrossWorks for ARM 3.0/lib/lib_vfprintf_float_long_long_v7m_t_le_eabi.a
LOAD /Applications/CrossWorks for ARM 3.0/lib/lib_vfscanf_float_long_long_cc_v7m_t_le_eabi.a
LOAD /Applications/CrossWorks for ARM 3.0/lib/libc_user_libc_v7m_t_le_eabi.a
END GROUP
OUTPUT(Blinky THUMB Debug/Blinky.elf elf32-littlearm)

.debug_frame    0x00000000      0xcec
 .debug_frame   0x00000000      0x100 Blinky THUMB Debug/main.o
 .debug_frame   0x00000100      0x274 Blinky THUMB Debug/stm32l1xx_gpio.o
 .debug_frame   0x00000374      0x670 Blinky THUMB Debug/stm32l1xx_rcc.o
 .debug_frame   0x000009e4       0x84 Blinky THUMB Debug/system_stm32l1xx.o
 .debug_frame   0x00000a68      0x134 Blinky THUMB Debug/stm32l1xx_it.o
 .debug_frame   0x00000b9c       0x80 /Applications/CrossWorks for ARM 3.0/lib/libdebugio_v7m_t_le_eabi.a(libdebugio_asm.o)
 .debug_frame   0x00000c1c       0x30 /Applications/CrossWorks for ARM 3.0/lib/libdebugio_mempoll_v7m_t_le_eabi.a(mempoll_debug_operations.o)
 .debug_frame   0x00000c4c       0xa0 /Applications/CrossWorks for ARM 3.0/lib/libc_user_libc_v7m_t_le_eabi.a(user_libc.o)

.debug_info     0x00000000     0x20ad
 .debug_info    0x00000000      0x82c Blinky THUMB Debug/main.o
 .debug_info    0x0000082c      0x611 Blinky THUMB Debug/stm32l1xx_gpio.o
 .debug_info    0x00000e3d      0x9dd Blinky THUMB Debug/stm32l1xx_rcc.o
 .debug_info    0x0000181a      0x514 Blinky THUMB Debug/system_stm32l1xx.o
 .debug_info    0x00001d2e      0x13e Blinky THUMB Debug/stm32l1xx_it.o
 .debug_info    0x00001e6c       0x91 Blinky THUMB Debug/thumb_crt0.o
 .debug_info    0x00001efd       0xca Blinky THUMB Debug/STM32_Startup.o
 .debug_info    0x00001fc7       0x2f /Applications/CrossWorks for ARM 3.0/lib/libdebugio_mempoll_v7m_t_le_eabi.a(mempoll_debug_operations.o)
 .debug_info    0x00001ff6       0xb7 /Applications/CrossWorks for ARM 3.0/lib/libc_user_libc_v7m_t_le_eabi.a(user_libc.o)

.debug_abbrev   0x00000000      0x7d2
 .debug_abbrev  0x00000000      0x1ec Blinky THUMB Debug/main.o
 .debug_abbrev  0x000001ec      0x1a8 Blinky THUMB Debug/stm32l1xx_gpio.o
 .debug_abbrev  0x00000394      0x1e6 Blinky THUMB Debug/stm32l1xx_rcc.o
 .debug_abbrev  0x0000057a      0x14a Blinky THUMB Debug/system_stm32l1xx.o
 .debug_abbrev  0x000006c4       0x9a Blinky THUMB Debug/stm32l1xx_it.o
 .debug_abbrev  0x0000075e       0x14 Blinky THUMB Debug/thumb_crt0.o
 .debug_abbrev  0x00000772       0x14 Blinky THUMB Debug/STM32_Startup.o
 .debug_abbrev  0x00000786       0x26 /Applications/CrossWorks for ARM 3.0/lib/libdebugio_mempoll_v7m_t_le_eabi.a(mempoll_debug_operations.o)
 .debug_abbrev  0x000007ac       0x26 /Applications/CrossWorks for ARM 3.0/lib/libc_user_libc_v7m_t_le_eabi.a(user_libc.o)

.debug_aranges  0x00000000      0x368
 .debug_aranges
                0x00000000       0x48 Blinky THUMB Debug/main.o
 .debug_aranges
                0x00000048       0x88 Blinky THUMB Debug/stm32l1xx_gpio.o
 .debug_aranges
                0x000000d0      0x148 Blinky THUMB Debug/stm32l1xx_rcc.o
 .debug_aranges
                0x00000218       0x30 Blinky THUMB Debug/system_stm32l1xx.o
 .debug_aranges
                0x00000248       0x60 Blinky THUMB Debug/stm32l1xx_it.o
 .debug_aranges
                0x000002a8       0x20 Blinky THUMB Debug/thumb_crt0.o
 .debug_aranges
                0x000002c8       0x20 Blinky THUMB Debug/STM32_Startup.o
 .debug_aranges
                0x000002e8       0x20 /Applications/CrossWorks for ARM 3.0/lib/libdebugio_mempoll_v7m_t_le_eabi.a(mempoll_debug_operations.o)
 .debug_aranges
                0x00000308       0x60 /Applications/CrossWorks for ARM 3.0/lib/libc_user_libc_v7m_t_le_eabi.a(user_libc.o)

.debug_ranges   0x00000000      0x2b8
 .debug_ranges  0x00000000       0x38 Blinky THUMB Debug/main.o
 .debug_ranges  0x00000038       0x78 Blinky THUMB Debug/stm32l1xx_gpio.o
 .debug_ranges  0x000000b0      0x138 Blinky THUMB Debug/stm32l1xx_rcc.o
 .debug_ranges  0x000001e8       0x20 Blinky THUMB Debug/system_stm32l1xx.o
 .debug_ranges  0x00000208       0x50 Blinky THUMB Debug/stm32l1xx_it.o
 .debug_ranges  0x00000258       0x10 /Applications/CrossWorks for ARM 3.0/lib/libdebugio_mempoll_v7m_t_le_eabi.a(mempoll_debug_operations.o)
 .debug_ranges  0x00000268       0x50 /Applications/CrossWorks for ARM 3.0/lib/libc_user_libc_v7m_t_le_eabi.a(user_libc.o)

.debug_macro    0x00000000     0xd232
 .debug_macro   0x00000000      0x17f Blinky THUMB Debug/main.o
 .debug_macro   0x0000017f      0x886 Blinky THUMB Debug/main.o
 .debug_macro   0x00000a05       0x89 Blinky THUMB Debug/main.o
 .debug_macro   0x00000a8e       0x2e Blinky THUMB Debug/main.o
 .debug_macro   0x00000abc       0x6f Blinky THUMB Debug/main.o
 .debug_macro   0x00000b2b       0x3a Blinky THUMB Debug/main.o
 .debug_macro   0x00000b65      0x188 Blinky THUMB Debug/main.o
 .debug_macro   0x00000ced       0x2d Blinky THUMB Debug/main.o
 .debug_macro   0x00000d1a      0xbb1 Blinky THUMB Debug/main.o
 .debug_macro   0x000018cb     0x72a4 Blinky THUMB Debug/main.o
 .debug_macro   0x00008b6f      0x43e Blinky THUMB Debug/main.o
 .debug_macro   0x00008fad       0xb4 Blinky THUMB Debug/main.o
 .debug_macro   0x00009061       0xa9 Blinky THUMB Debug/main.o
 .debug_macro   0x0000910a      0x17f Blinky THUMB Debug/main.o
 .debug_macro   0x00009289       0x82 Blinky THUMB Debug/main.o
 .debug_macro   0x0000930b      0x3ae Blinky THUMB Debug/main.o
 .debug_macro   0x000096b9       0xb9 Blinky THUMB Debug/main.o
 .debug_macro   0x00009772      0x422 Blinky THUMB Debug/main.o
 .debug_macro   0x00009b94      0x17d Blinky THUMB Debug/main.o
 .debug_macro   0x00009d11      0x203 Blinky THUMB Debug/main.o
 .debug_macro   0x00009f14      0x2b2 Blinky THUMB Debug/main.o
 .debug_macro   0x0000a1c6       0x64 Blinky THUMB Debug/main.o
 .debug_macro   0x0000a22a      0x325 Blinky THUMB Debug/main.o
 .debug_macro   0x0000a54f       0xc8 Blinky THUMB Debug/main.o
 .debug_macro   0x0000a617       0xe1 Blinky THUMB Debug/main.o
 .debug_macro   0x0000a6f8      0x413 Blinky THUMB Debug/main.o
 .debug_macro   0x0000ab0b      0x5cf Blinky THUMB Debug/main.o
 .debug_macro   0x0000b0da      0x341 Blinky THUMB Debug/main.o
 .debug_macro   0x0000b41b      0x357 Blinky THUMB Debug/main.o
 .debug_macro   0x0000b772      0x421 Blinky THUMB Debug/main.o
 .debug_macro   0x0000bb93      0x668 Blinky THUMB Debug/main.o
 .debug_macro   0x0000c1fb      0x220 Blinky THUMB Debug/main.o
 .debug_macro   0x0000c41b       0x34 Blinky THUMB Debug/main.o
 .debug_macro   0x0000c44f       0x88 Blinky THUMB Debug/main.o
 .debug_macro   0x0000c4d7       0x35 Blinky THUMB Debug/main.o
 .debug_macro   0x0000c50c       0x7c Blinky THUMB Debug/main.o
 .debug_macro   0x0000c588      0x164 Blinky THUMB Debug/stm32l1xx_gpio.o
 .debug_macro   0x0000c6ec      0x1fd Blinky THUMB Debug/stm32l1xx_gpio.o
 .debug_macro   0x0000c8e9      0x20a Blinky THUMB Debug/stm32l1xx_rcc.o
 .debug_macro   0x0000caf3      0x40d Blinky THUMB Debug/stm32l1xx_rcc.o
 .debug_macro   0x0000cf00      0x161 Blinky THUMB Debug/system_stm32l1xx.o
 .debug_macro   0x0000d061      0x17c Blinky THUMB Debug/stm32l1xx_it.o
 .debug_macro   0x0000d1dd       0x55 Blinky THUMB Debug/stm32l1xx_it.o

.debug_line     0x00000000     0x21b1
 .debug_line    0x00000000      0x518 Blinky THUMB Debug/main.o
 .debug_line    0x00000518      0x693 Blinky THUMB Debug/stm32l1xx_gpio.o
 .debug_line    0x00000bab      0x930 Blinky THUMB Debug/stm32l1xx_rcc.o
 .debug_line    0x000014db      0x4f5 Blinky THUMB Debug/system_stm32l1xx.o
 .debug_line    0x000019d0      0x4f2 Blinky THUMB Debug/stm32l1xx_it.o
 .debug_line    0x00001ec2      0x100 Blinky THUMB Debug/thumb_crt0.o
 .debug_line    0x00001fc2      0x108 Blinky THUMB Debug/STM32_Startup.o
 .debug_line    0x000020ca       0x80 /Applications/CrossWorks for ARM 3.0/lib/libdebugio_mempoll_v7m_t_le_eabi.a(mempoll_debug_operations.o)
 .debug_line    0x0000214a       0x67 /Applications/CrossWorks for ARM 3.0/lib/libc_user_libc_v7m_t_le_eabi.a(user_libc.o)

.debug_str      0x00000000    0x52844
 .debug_str     0x00000000    0x515b1 Blinky THUMB Debug/main.o
                              0x5164d (size before relaxing)
 .debug_str     0x000515b1      0x1da Blinky THUMB Debug/stm32l1xx_gpio.o
                              0x50ecc (size before relaxing)
 .debug_str     0x0005178b      0xa23 Blinky THUMB Debug/stm32l1xx_rcc.o
                              0x515a9 (size before relaxing)
 .debug_str     0x000521ae      0x12f Blinky THUMB Debug/system_stm32l1xx.o
                              0x50d80 (size before relaxing)
 .debug_str     0x000522dd      0x175 Blinky THUMB Debug/stm32l1xx_it.o
                              0x50f1a (size before relaxing)
 .debug_str     0x00052452      0x1d9 /Applications/CrossWorks for ARM 3.0/lib/libdebugio_mempoll_v7m_t_le_eabi.a(mempoll_debug_operations.o)
 .debug_str     0x0005262b      0x219 /Applications/CrossWorks for ARM 3.0/lib/libc_user_libc_v7m_t_le_eabi.a(user_libc.o)

.comment        0x00000000       0x4e
 .comment       0x00000000       0x4e Blinky THUMB Debug/main.o
                                 0x4f (size before relaxing)
 .comment       0x00000000       0x4f Blinky THUMB Debug/stm32l1xx_gpio.o
 .comment       0x00000000       0x4f Blinky THUMB Debug/stm32l1xx_rcc.o
 .comment       0x00000000       0x4f Blinky THUMB Debug/system_stm32l1xx.o
 .comment       0x00000000       0x4f Blinky THUMB Debug/stm32l1xx_it.o
 .comment       0x00000000       0x4f /Applications/CrossWorks for ARM 3.0/lib/libdebugio_mempoll_v7m_t_le_eabi.a(mempoll_debug_operations.o)
 .comment       0x00000000       0x4f /Applications/CrossWorks for ARM 3.0/lib/libc_user_libc_v7m_t_le_eabi.a(user_libc.o)

.ARM.attributes
                0x00000000       0x31
 .ARM.attributes
                0x00000000       0x33 Blinky THUMB Debug/main.o
 .ARM.attributes
                0x00000033       0x33 Blinky THUMB Debug/stm32l1xx_gpio.o
 .ARM.attributes
                0x00000066       0x33 Blinky THUMB Debug/stm32l1xx_rcc.o
 .ARM.attributes
                0x00000099       0x33 Blinky THUMB Debug/system_stm32l1xx.o
 .ARM.attributes
                0x000000cc       0x33 Blinky THUMB Debug/stm32l1xx_it.o
 .ARM.attributes
                0x000000ff       0x21 Blinky THUMB Debug/thumb_crt0.o
 .ARM.attributes
                0x00000120       0x21 Blinky THUMB Debug/STM32_Startup.o
 .ARM.attributes
                0x00000141       0x1b /Applications/CrossWorks for ARM 3.0/lib/libdebugio_v7m_t_le_eabi.a(libdebugio_asm.o)
 .ARM.attributes
                0x0000015c       0x2d /Applications/CrossWorks for ARM 3.0/lib/libdebugio_mempoll_v7m_t_le_eabi.a(mempoll_debug_operations.o)
 .ARM.attributes
                0x00000189       0x2d /Applications/CrossWorks for ARM 3.0/lib/libc_user_libc_v7m_t_le_eabi.a(user_libc.o)
